{
  "d41d8cd98f00b204e9800998ecf8427e": {
    "malicious": false,
    "label": "clean_stub"
  },
  "e3b0c44298fc1c149afbf4c8996fb924": {
    "malicious": true,
    "label": "stub_malware"
  }
}